======================================================================
TESTING REWARD DESIGN FIXES
======================================================================

=== Issue A: Time Pressure Fix ===
BUG FIXED: was_redundant properly initialized and reward pipeline active
[DEBUG] Triggering compute_step_reward for read_logs
BUG FIXED: was_redundant properly initialized and reward pipeline active
[DEBUG] Triggering compute_step_reward for check_metrics
BUG FIXED: was_redundant properly initialized and reward pipeline active
[DEBUG] Triggering compute_step_reward for restart_service
BUG FIXED: was_redundant properly initialized and reward pipeline active
[DEBUG] Triggering compute_step_reward for read_logs
BUG FIXED: was_redundant properly initialized and reward pipeline active
[DEBUG] Triggering compute_step_reward for check_metrics
BUG FIXED: was_redundant properly initialized and reward pipeline active
[DEBUG] Triggering compute_step_reward for check_health
BUG FIXED: was_redundant properly initialized and reward pipeline active
[DEBUG] Redundant action detected: check_health:order-service
BUG FIXED: was_redundant properly initialized and reward pipeline active
[DEBUG] Redundant action detected: check_health:order-service
BUG FIXED: was_redundant properly initialized and reward pipeline active
[DEBUG] Redundant action detected: check_health:order-service
BUG FIXED: was_redundant properly initialized and reward pipeline active
[DEBUG] Redundant action detected: check_health:order-service
BUG FIXED: was_redundant properly initialized and reward pipeline active
[DEBUG] Triggering compute_step_reward for restart_service
  Early restart (step 3/10): 0.1500
  Late restart (step 8/10):  0.1500
  Difference: 0.0000
python : Traceback (most recent call last):
At line:1 char:1
+ python test_reward_design_fixes.py 2>&1 | Out-File -Encoding utf8 tes ...
+ ~~~~~~~~~~~~~~~~~~~~~~~~~~~~~~~~~~~~~~~
    + CategoryInfo          : NotSpecified: (Traceback (most recent call last) 
   ::String) [], RemoteException
    + FullyQualifiedErrorId : NativeCommandError
 
  File "A:\PROJECTS\incident-response-env\test_reward_design_fixes.py", line 
194, in <module>
    results.append(("Issue A: Time Pressure", test_issue_a_time_pressure()))
                                              ~~~~~~~~~~~~~~~~~~~~~~~~~~^^
  File "A:\PROJECTS\incident-response-env\test_reward_design_fixes.py", line 
49, in test_issue_a_time_pressure
    print("  \u2705 PASS - Late correct actions not heavily penalized\n")
    ~~~~~^^^^^^^^^^^^^^^^^^^^^^^^^^^^^^^^^^^^^^^^^^^^^^^^^^^^^^^^^^^^
  File "C:\Python314\Lib\encodings\cp1252.py", line 19, in encode
    return codecs.charmap_encode(input,self.errors,encoding_table)[0]
           ~~~~~~~~~~~~~~~~~~~~~^^^^^^^^^^^^^^^^^^^^^^^^^^^^^^^^^^
UnicodeEncodeError: 'charmap' codec can't encode character '\u2705' in 
position 2: character maps to <undefined>
